[2026-01-11 17:03:49] Frigg MCP server starting...
[2026-01-11 17:03:49] Python version: 3.11.0 (main, Oct 24 2022, 18:26:48) [MSC v.1933 64 bit (AMD64)]
[2026-01-11 17:03:49] Protocol version: 2024-11-05
[2026-01-11 17:03:49] Frigg MCP server stopped.
[2026-01-11 17:04:20] Frigg MCP server starting...
[2026-01-11 17:04:20] Python version: 3.11.0 (main, Oct 24 2022, 18:26:48) [MSC v.1933 64 bit (AMD64)]
[2026-01-11 17:04:20] Protocol version: 2024-11-05
[2026-01-11 17:04:20] Frigg MCP server stopped.
[2026-01-11 17:04:21] Frigg MCP server starting...
[2026-01-11 17:04:21] Python version: 3.11.0 (main, Oct 24 2022, 18:26:48) [MSC v.1933 64 bit (AMD64)]
[2026-01-11 17:04:21] Protocol version: 2024-11-05
[2026-01-11 17:04:21] Frigg MCP server stopped.
[2026-01-11 17:05:46] Frigg MCP server starting...
[2026-01-11 17:05:46] Python version: 3.11.0 (main, Oct 24 2022, 18:26:48) [MSC v.1933 64 bit (AMD64)]
[2026-01-11 17:05:46] Protocol version: 2024-11-05
[2026-01-11 17:11:11] Frigg MCP server starting...
[2026-01-11 17:11:11] Python version: 3.11.0 (main, Oct 24 2022, 18:26:48) [MSC v.1933 64 bit (AMD64)]
[2026-01-11 17:11:11] Protocol version: 2024-11-05
[2026-01-11 17:11:11] Ignoring unknown notification: notifications/initialized
[2026-01-11 17:11:49] Frigg MCP server starting...
[2026-01-11 17:11:49] Python version: 3.11.0 (main, Oct 24 2022, 18:26:48) [MSC v.1933 64 bit (AMD64)]
[2026-01-11 17:11:49] Protocol version: 2024-11-05
[2026-01-11 17:11:49] Frigg MCP server stopped.
[2026-01-11 17:11:56] Frigg MCP server starting...
[2026-01-11 17:11:56] Python version: 3.11.0 (main, Oct 24 2022, 18:26:48) [MSC v.1933 64 bit (AMD64)]
[2026-01-11 17:11:56] Protocol version: 2024-11-05
[2026-01-11 17:11:56] Using Blender bridge from state file: 127.0.0.1:8765
[2026-01-11 17:11:56] Frigg MCP server stopped.
[2026-01-11 17:12:28] Frigg MCP server starting...
[2026-01-11 17:12:28] Python version: 3.11.0 (main, Oct 24 2022, 18:26:48) [MSC v.1933 64 bit (AMD64)]
[2026-01-11 17:12:28] Protocol version: 2024-11-05
[2026-01-11 17:12:28] Frigg MCP server stopped.
[2026-01-11 17:12:31] Frigg MCP server starting...
[2026-01-11 17:12:31] Python version: 3.11.0 (main, Oct 24 2022, 18:26:48) [MSC v.1933 64 bit (AMD64)]
[2026-01-11 17:12:31] Protocol version: 2024-11-05
[2026-01-11 17:12:31] Using Blender bridge from state file: 127.0.0.1:8765
[2026-01-11 17:12:31] Frigg MCP server stopped.
[2026-01-11 17:12:34] Frigg MCP server starting...
[2026-01-11 17:12:34] Python version: 3.11.0 (main, Oct 24 2022, 18:26:48) [MSC v.1933 64 bit (AMD64)]
[2026-01-11 17:12:34] Protocol version: 2024-11-05
[2026-01-11 17:12:34] Using Blender bridge from state file: 127.0.0.1:8765
[2026-01-11 17:12:34] Frigg MCP server stopped.
[2026-01-11 17:12:36] Frigg MCP server starting...
[2026-01-11 17:12:36] Python version: 3.11.0 (main, Oct 24 2022, 18:26:48) [MSC v.1933 64 bit (AMD64)]
[2026-01-11 17:12:36] Protocol version: 2024-11-05
[2026-01-11 17:12:36] Using Blender bridge from state file: 127.0.0.1:8765
[2026-01-11 17:12:36] Frigg MCP server stopped.
[2026-01-11 17:12:50] Frigg MCP server starting...
[2026-01-11 17:12:50] Python version: 3.11.0 (main, Oct 24 2022, 18:26:48) [MSC v.1933 64 bit (AMD64)]
[2026-01-11 17:12:50] Protocol version: 2024-11-05
[2026-01-11 17:12:50] Using Blender bridge from state file: 127.0.0.1:8765
[2026-01-11 17:12:50] Frigg MCP server stopped.
[2026-01-11 17:12:53] Frigg MCP server starting...
[2026-01-11 17:12:53] Python version: 3.11.0 (main, Oct 24 2022, 18:26:48) [MSC v.1933 64 bit (AMD64)]
[2026-01-11 17:12:53] Protocol version: 2024-11-05
[2026-01-11 17:12:53] Using Blender bridge from state file: 127.0.0.1:8765
[2026-01-11 17:12:53] Frigg MCP server stopped.
[2026-01-11 17:12:56] Frigg MCP server starting...
[2026-01-11 17:12:56] Python version: 3.11.0 (main, Oct 24 2022, 18:26:48) [MSC v.1933 64 bit (AMD64)]
[2026-01-11 17:12:56] Protocol version: 2024-11-05
[2026-01-11 17:12:56] Using Blender bridge from state file: 127.0.0.1:8765
[2026-01-11 17:12:56] Frigg MCP server stopped.
[2026-01-11 17:12:59] Frigg MCP server starting...
[2026-01-11 17:12:59] Python version: 3.11.0 (main, Oct 24 2022, 18:26:48) [MSC v.1933 64 bit (AMD64)]
[2026-01-11 17:12:59] Protocol version: 2024-11-05
[2026-01-11 17:12:59] Using Blender bridge from state file: 127.0.0.1:8765
[2026-01-11 17:12:59] Frigg MCP server stopped.
[2026-01-11 17:13:09] Frigg MCP server starting...
[2026-01-11 17:13:09] Python version: 3.11.0 (main, Oct 24 2022, 18:26:48) [MSC v.1933 64 bit (AMD64)]
[2026-01-11 17:13:09] Protocol version: 2024-11-05
[2026-01-11 17:13:09] Using Blender bridge from state file: 127.0.0.1:8765
[2026-01-11 17:13:09] Tool call error: Blender bridge error: Object not found: ObjectInexistant
[2026-01-11 17:13:09] Traceback (most recent call last):
  File "D:\Frigg\src\frigg_mcp\server\stdio.py", line 287, in handle_request
    result = handle_call(name, arguments)
             ^^^^^^^^^^^^^^^^^^^^^^^^^^^^
  File "D:\Frigg\src\frigg_mcp\server\stdio.py", line 223, in handle_call
    response = call_bridge("get_object_transform", args)
               ^^^^^^^^^^^^^^^^^^^^^^^^^^^^^^^^^^^^^^^^^
  File "D:\Frigg\src\frigg_mcp\server\stdio.py", line 131, in call_bridge
    raise RuntimeError(f"Blender bridge error: {error_msg}")
RuntimeError: Blender bridge error: Object not found: ObjectInexistant

[2026-01-11 17:13:09] Frigg MCP server stopped.
[2026-01-11 17:13:12] Frigg MCP server starting...
[2026-01-11 17:13:12] Python version: 3.11.0 (main, Oct 24 2022, 18:26:48) [MSC v.1933 64 bit (AMD64)]
[2026-01-11 17:13:12] Protocol version: 2024-11-05
[2026-01-11 17:13:12] Tool call error: Unknown tool: frigg.tool.inexistant
[2026-01-11 17:13:12] Traceback (most recent call last):
  File "D:\Frigg\src\frigg_mcp\server\stdio.py", line 287, in handle_request
    result = handle_call(name, arguments)
             ^^^^^^^^^^^^^^^^^^^^^^^^^^^^
  File "D:\Frigg\src\frigg_mcp\server\stdio.py", line 240, in handle_call
    raise ValueError(f"Unknown tool: {name}")
ValueError: Unknown tool: frigg.tool.inexistant

[2026-01-11 17:13:12] Frigg MCP server stopped.
[2026-01-11 17:39:19] Frigg MCP server starting...
[2026-01-11 17:39:19] Python version: 3.11.0 (main, Oct 24 2022, 18:26:48) [MSC v.1933 64 bit (AMD64)]
[2026-01-11 17:39:19] Protocol version: 2024-11-05
[2026-01-11 17:39:19] Ignoring unknown notification: notifications/initialized
[2026-01-11 17:39:56] Frigg MCP server starting...
[2026-01-11 17:39:56] Python version: 3.11.0 (main, Oct 24 2022, 18:26:48) [MSC v.1933 64 bit (AMD64)]
[2026-01-11 17:39:56] Protocol version: 2024-11-05
[2026-01-11 17:39:56] Using Blender bridge from state file: 127.0.0.1:8765
[2026-01-11 17:39:56] Frigg MCP server stopped.
[2026-01-11 17:57:38] Frigg MCP server starting...
[2026-01-11 17:57:38] Python version: 3.11.0 (main, Oct 24 2022, 18:26:48) [MSC v.1933 64 bit (AMD64)]
[2026-01-11 17:57:38] Protocol version: 2024-11-05
[2026-01-11 17:57:38] Ignoring unknown notification: notifications/initialized
[2026-01-12 00:51:10] Frigg MCP server starting...
[2026-01-12 00:51:10] Python version: 3.11.0 (main, Oct 24 2022, 18:26:48) [MSC v.1933 64 bit (AMD64)]
[2026-01-12 00:51:10] Protocol version: 2024-11-05
[2026-01-12 00:51:10] Ignoring unknown notification: notifications/initialized
[2026-01-12 01:24:28] Frigg MCP server starting...
[2026-01-12 01:24:28] Python version: 3.11.0 (main, Oct 24 2022, 18:26:48) [MSC v.1933 64 bit (AMD64)]
[2026-01-12 01:24:28] Protocol version: 2024-11-05
[2026-01-12 01:24:28] Ignoring unknown notification: notifications/initialized
[2026-01-12 01:55:34] Frigg MCP server starting...
[2026-01-12 01:55:34] Python version: 3.11.0 (main, Oct 24 2022, 18:26:48) [MSC v.1933 64 bit (AMD64)]
[2026-01-12 01:55:34] Protocol version: 2024-11-05
[2026-01-12 01:55:41] Ignoring unknown notification: notifications/initialized
[2026-01-12 02:09:45] Frigg MCP server starting...
[2026-01-12 02:09:45] Python version: 3.11.0 (main, Oct 24 2022, 18:26:48) [MSC v.1933 64 bit (AMD64)]
[2026-01-12 02:09:45] Protocol version: 2024-11-05
[2026-01-12 02:09:46] Ignoring unknown notification: notifications/initialized
[2026-01-12 02:09:46] Unexpected error handling request: name 'false' is not defined
[2026-01-12 02:09:46] Traceback (most recent call last):
  File "D:\Frigg\src\frigg_mcp\server\stdio.py", line 401, in main
    response = handle_request(request)
               ^^^^^^^^^^^^^^^^^^^^^^^
  File "D:\Frigg\src\frigg_mcp\server\stdio.py", line 340, in handle_request
    return jsonrpc_result(tools_list(), req_id)
                          ^^^^^^^^^^^^
  File "D:\Frigg\src\frigg_mcp\server\stdio.py", line 250, in tools_list
    "default": false
               ^^^^^
NameError: name 'false' is not defined

[2026-01-12 02:32:56] Frigg MCP server starting...
[2026-01-12 02:32:56] Python version: 3.11.0 (main, Oct 24 2022, 18:26:48) [MSC v.1933 64 bit (AMD64)]
[2026-01-12 02:32:56] Protocol version: 2024-11-05
[2026-01-12 02:32:56] Unexpected error handling request: name 'false' is not defined
[2026-01-12 02:32:56] Traceback (most recent call last):
  File "D:\Frigg\src\frigg_mcp\server\stdio.py", line 401, in main
    response = handle_request(request)
               ^^^^^^^^^^^^^^^^^^^^^^^
  File "D:\Frigg\src\frigg_mcp\server\stdio.py", line 340, in handle_request
    return jsonrpc_result(tools_list(), req_id)
                          ^^^^^^^^^^^^
  File "D:\Frigg\src\frigg_mcp\server\stdio.py", line 250, in tools_list
    "default": false
               ^^^^^
NameError: name 'false' is not defined

[2026-01-12 02:32:57] Using Blender bridge from state file: 127.0.0.1:8765
[2026-01-12 02:32:57] Using Blender bridge from state file: 127.0.0.1:8765
[2026-01-12 02:34:59] Frigg MCP server starting...
[2026-01-12 02:34:59] Python version: 3.11.0 (main, Oct 24 2022, 18:26:48) [MSC v.1933 64 bit (AMD64)]
[2026-01-12 02:34:59] Protocol version: 2024-11-05
[2026-01-12 02:35:00] Using Blender bridge from state file: 127.0.0.1:8765
[2026-01-12 02:35:02] Tool call error: Cannot connect to Blender bridge at 127.0.0.1:8765. Make sure to run frigg-bridge.ps1 first to start Blender with the bridge server.
[2026-01-12 02:35:02] Traceback (most recent call last):
  File "D:\Frigg\src\frigg_mcp\server\stdio.py", line 99, in call_bridge
    with socket.create_connection((host, port), timeout=30) as sock:
         ^^^^^^^^^^^^^^^^^^^^^^^^^^^^^^^^^^^^^^^^^^^^^^^^^^
  File "C:\Users\adrie\AppData\Local\Programs\Python\Python311\Lib\socket.py", line 850, in create_connection
    raise exceptions[0]
  File "C:\Users\adrie\AppData\Local\Programs\Python\Python311\Lib\socket.py", line 835, in create_connection
    sock.connect(sa)
ConnectionRefusedError: [WinError 10061] Aucune connexion n’a pu être établie car l’ordinateur cible l’a expressément refusée

During handling of the above exception, another exception occurred:

Traceback (most recent call last):
  File "D:\Frigg\src\frigg_mcp\server\stdio.py", line 352, in handle_request
    result = handle_call(name, arguments)
             ^^^^^^^^^^^^^^^^^^^^^^^^^^^^
  File "D:\Frigg\src\frigg_mcp\server\stdio.py", line 274, in handle_call
    response = call_bridge("scene_info", {})
               ^^^^^^^^^^^^^^^^^^^^^^^^^^^^^
  File "D:\Frigg\src\frigg_mcp\server\stdio.py", line 114, in call_bridge
    raise RuntimeError(
RuntimeError: Cannot connect to Blender bridge at 127.0.0.1:8765. Make sure to run frigg-bridge.ps1 first to start Blender with the bridge server.

[2026-01-12 02:35:02] Using Blender bridge from state file: 127.0.0.1:8765
[2026-01-12 02:35:04] Tool call error: Cannot connect to Blender bridge at 127.0.0.1:8765. Make sure to run frigg-bridge.ps1 first to start Blender with the bridge server.
[2026-01-12 02:35:04] Traceback (most recent call last):
  File "D:\Frigg\src\frigg_mcp\server\stdio.py", line 99, in call_bridge
    with socket.create_connection((host, port), timeout=30) as sock:
         ^^^^^^^^^^^^^^^^^^^^^^^^^^^^^^^^^^^^^^^^^^^^^^^^^^
  File "C:\Users\adrie\AppData\Local\Programs\Python\Python311\Lib\socket.py", line 850, in create_connection
    raise exceptions[0]
  File "C:\Users\adrie\AppData\Local\Programs\Python\Python311\Lib\socket.py", line 835, in create_connection
    sock.connect(sa)
ConnectionRefusedError: [WinError 10061] Aucune connexion n’a pu être établie car l’ordinateur cible l’a expressément refusée

During handling of the above exception, another exception occurred:

Traceback (most recent call last):
  File "D:\Frigg\src\frigg_mcp\server\stdio.py", line 352, in handle_request
    result = handle_call(name, arguments)
             ^^^^^^^^^^^^^^^^^^^^^^^^^^^^
  File "D:\Frigg\src\frigg_mcp\server\stdio.py", line 292, in handle_call
    response = call_bridge("list_objects", {})
               ^^^^^^^^^^^^^^^^^^^^^^^^^^^^^^^
  File "D:\Frigg\src\frigg_mcp\server\stdio.py", line 114, in call_bridge
    raise RuntimeError(
RuntimeError: Cannot connect to Blender bridge at 127.0.0.1:8765. Make sure to run frigg-bridge.ps1 first to start Blender with the bridge server.

[2026-01-12 02:37:40] Frigg MCP server starting...
[2026-01-12 02:37:40] Python version: 3.11.0 (main, Oct 24 2022, 18:26:48) [MSC v.1933 64 bit (AMD64)]
[2026-01-12 02:37:40] Protocol version: 2024-11-05
[2026-01-12 02:37:40] Using Blender bridge from state file: 127.0.0.1:8765
[2026-01-12 02:37:42] Tool call error: Cannot connect to Blender bridge at 127.0.0.1:8765. Make sure to run frigg-bridge.ps1 first to start Blender with the bridge server.
[2026-01-12 02:37:42] Traceback (most recent call last):
  File "D:\Frigg\src\frigg_mcp\server\stdio.py", line 99, in call_bridge
    with socket.create_connection((host, port), timeout=30) as sock:
         ^^^^^^^^^^^^^^^^^^^^^^^^^^^^^^^^^^^^^^^^^^^^^^^^^^
  File "C:\Users\adrie\AppData\Local\Programs\Python\Python311\Lib\socket.py", line 850, in create_connection
    raise exceptions[0]
  File "C:\Users\adrie\AppData\Local\Programs\Python\Python311\Lib\socket.py", line 835, in create_connection
    sock.connect(sa)
ConnectionRefusedError: [WinError 10061] Aucune connexion n’a pu être établie car l’ordinateur cible l’a expressément refusée

During handling of the above exception, another exception occurred:

Traceback (most recent call last):
  File "D:\Frigg\src\frigg_mcp\server\stdio.py", line 332, in handle_request
    result = handle_call(name, arguments)
             ^^^^^^^^^^^^^^^^^^^^^^^^^^^^
  File "D:\Frigg\src\frigg_mcp\server\stdio.py", line 254, in handle_call
    response = call_bridge("scene_info", {})
               ^^^^^^^^^^^^^^^^^^^^^^^^^^^^^
  File "D:\Frigg\src\frigg_mcp\server\stdio.py", line 114, in call_bridge
    raise RuntimeError(
RuntimeError: Cannot connect to Blender bridge at 127.0.0.1:8765. Make sure to run frigg-bridge.ps1 first to start Blender with the bridge server.

[2026-01-12 02:37:42] Using Blender bridge from state file: 127.0.0.1:8765
[2026-01-12 02:37:44] Tool call error: Cannot connect to Blender bridge at 127.0.0.1:8765. Make sure to run frigg-bridge.ps1 first to start Blender with the bridge server.
[2026-01-12 02:37:44] Traceback (most recent call last):
  File "D:\Frigg\src\frigg_mcp\server\stdio.py", line 99, in call_bridge
    with socket.create_connection((host, port), timeout=30) as sock:
         ^^^^^^^^^^^^^^^^^^^^^^^^^^^^^^^^^^^^^^^^^^^^^^^^^^
  File "C:\Users\adrie\AppData\Local\Programs\Python\Python311\Lib\socket.py", line 850, in create_connection
    raise exceptions[0]
  File "C:\Users\adrie\AppData\Local\Programs\Python\Python311\Lib\socket.py", line 835, in create_connection
    sock.connect(sa)
ConnectionRefusedError: [WinError 10061] Aucune connexion n’a pu être établie car l’ordinateur cible l’a expressément refusée

During handling of the above exception, another exception occurred:

Traceback (most recent call last):
  File "D:\Frigg\src\frigg_mcp\server\stdio.py", line 332, in handle_request
    result = handle_call(name, arguments)
             ^^^^^^^^^^^^^^^^^^^^^^^^^^^^
  File "D:\Frigg\src\frigg_mcp\server\stdio.py", line 272, in handle_call
    response = call_bridge("list_objects", {})
               ^^^^^^^^^^^^^^^^^^^^^^^^^^^^^^^
  File "D:\Frigg\src\frigg_mcp\server\stdio.py", line 114, in call_bridge
    raise RuntimeError(
RuntimeError: Cannot connect to Blender bridge at 127.0.0.1:8765. Make sure to run frigg-bridge.ps1 first to start Blender with the bridge server.

[2026-01-12 02:39:02] Frigg MCP server starting...
[2026-01-12 02:39:02] Python version: 3.11.0 (main, Oct 24 2022, 18:26:48) [MSC v.1933 64 bit (AMD64)]
[2026-01-12 02:39:02] Protocol version: 2024-11-05
[2026-01-12 02:39:02] Using Blender bridge from state file: 127.0.0.1:8765
[2026-01-12 02:39:05] Tool call error: Cannot connect to Blender bridge at 127.0.0.1:8765. Make sure to run frigg-bridge.ps1 first to start Blender with the bridge server.
[2026-01-12 02:39:05] Traceback (most recent call last):
  File "D:\Frigg\src\frigg_mcp\server\stdio.py", line 99, in call_bridge
    with socket.create_connection((host, port), timeout=30) as sock:
         ^^^^^^^^^^^^^^^^^^^^^^^^^^^^^^^^^^^^^^^^^^^^^^^^^^
  File "C:\Users\adrie\AppData\Local\Programs\Python\Python311\Lib\socket.py", line 850, in create_connection
    raise exceptions[0]
  File "C:\Users\adrie\AppData\Local\Programs\Python\Python311\Lib\socket.py", line 835, in create_connection
    sock.connect(sa)
ConnectionRefusedError: [WinError 10061] Aucune connexion n’a pu être établie car l’ordinateur cible l’a expressément refusée

During handling of the above exception, another exception occurred:

Traceback (most recent call last):
  File "D:\Frigg\src\frigg_mcp\server\stdio.py", line 332, in handle_request
    result = handle_call(name, arguments)
             ^^^^^^^^^^^^^^^^^^^^^^^^^^^^
  File "D:\Frigg\src\frigg_mcp\server\stdio.py", line 254, in handle_call
    response = call_bridge("scene_info", {})
               ^^^^^^^^^^^^^^^^^^^^^^^^^^^^^
  File "D:\Frigg\src\frigg_mcp\server\stdio.py", line 114, in call_bridge
    raise RuntimeError(
RuntimeError: Cannot connect to Blender bridge at 127.0.0.1:8765. Make sure to run frigg-bridge.ps1 first to start Blender with the bridge server.

[2026-01-12 02:39:05] Using Blender bridge from state file: 127.0.0.1:8765
[2026-01-12 02:39:07] Tool call error: Cannot connect to Blender bridge at 127.0.0.1:8765. Make sure to run frigg-bridge.ps1 first to start Blender with the bridge server.
[2026-01-12 02:39:07] Traceback (most recent call last):
  File "D:\Frigg\src\frigg_mcp\server\stdio.py", line 99, in call_bridge
    with socket.create_connection((host, port), timeout=30) as sock:
         ^^^^^^^^^^^^^^^^^^^^^^^^^^^^^^^^^^^^^^^^^^^^^^^^^^
  File "C:\Users\adrie\AppData\Local\Programs\Python\Python311\Lib\socket.py", line 850, in create_connection
    raise exceptions[0]
  File "C:\Users\adrie\AppData\Local\Programs\Python\Python311\Lib\socket.py", line 835, in create_connection
    sock.connect(sa)
ConnectionRefusedError: [WinError 10061] Aucune connexion n’a pu être établie car l’ordinateur cible l’a expressément refusée

During handling of the above exception, another exception occurred:

Traceback (most recent call last):
  File "D:\Frigg\src\frigg_mcp\server\stdio.py", line 332, in handle_request
    result = handle_call(name, arguments)
             ^^^^^^^^^^^^^^^^^^^^^^^^^^^^
  File "D:\Frigg\src\frigg_mcp\server\stdio.py", line 272, in handle_call
    response = call_bridge("list_objects", {})
               ^^^^^^^^^^^^^^^^^^^^^^^^^^^^^^^
  File "D:\Frigg\src\frigg_mcp\server\stdio.py", line 114, in call_bridge
    raise RuntimeError(
RuntimeError: Cannot connect to Blender bridge at 127.0.0.1:8765. Make sure to run frigg-bridge.ps1 first to start Blender with the bridge server.

[2026-01-12 02:41:44] Frigg MCP server starting...
[2026-01-12 02:41:44] Python version: 3.11.0 (main, Oct 24 2022, 18:26:48) [MSC v.1933 64 bit (AMD64)]
[2026-01-12 02:41:44] Protocol version: 2024-11-05
[2026-01-12 02:41:44] Using Blender bridge from state file: 127.0.0.1:8765
[2026-01-12 02:41:44] Using Blender bridge from state file: 127.0.0.1:8765
[2026-01-12 02:45:27] Frigg MCP server starting...
[2026-01-12 02:45:27] Python version: 3.11.0 (main, Oct 24 2022, 18:26:48) [MSC v.1933 64 bit (AMD64)]
[2026-01-12 02:45:27] Protocol version: 2024-11-05
[2026-01-12 02:45:27] Using Blender bridge from state file: 127.0.0.1:8765
[2026-01-12 02:45:27] Using Blender bridge from state file: 127.0.0.1:8765
[2026-01-12 02:45:27] Using Blender bridge from state file: 127.0.0.1:8765
[2026-01-12 02:45:27] Using Blender bridge from state file: 127.0.0.1:8765
[2026-01-12 02:45:27] Frigg MCP server stopped.
[2026-01-12 02:46:23] Frigg MCP server starting...
[2026-01-12 02:46:23] Python version: 3.11.0 (main, Oct 24 2022, 18:26:48) [MSC v.1933 64 bit (AMD64)]
[2026-01-12 02:46:23] Protocol version: 2024-11-05
[2026-01-12 02:46:23] Using Blender bridge from state file: 127.0.0.1:8765
[2026-01-12 02:46:23] Frigg MCP server stopped.
[2026-01-12 03:08:14] Frigg MCP server starting...
[2026-01-12 03:08:14] Python version: 3.11.0 (main, Oct 24 2022, 18:26:48) [MSC v.1933 64 bit (AMD64)]
[2026-01-12 03:08:14] Protocol version: 2024-11-05
[2026-01-12 03:08:14] Using Blender bridge from state file: 127.0.0.1:8765
[2026-01-12 03:08:14] Using Blender bridge from state file: 127.0.0.1:8765
[2026-01-12 03:08:38] Frigg MCP server starting...
[2026-01-12 03:08:38] Python version: 3.11.0 (main, Oct 24 2022, 18:26:48) [MSC v.1933 64 bit (AMD64)]
[2026-01-12 03:08:38] Protocol version: 2024-11-05
[2026-01-12 03:08:38] Using Blender bridge from state file: 127.0.0.1:8765
[2026-01-12 03:12:58] Frigg MCP server starting...
[2026-01-12 03:12:58] Python version: 3.11.0 (main, Oct 24 2022, 18:26:48) [MSC v.1933 64 bit (AMD64)]
[2026-01-12 03:12:58] Protocol version: 2024-11-05
[2026-01-12 03:12:58] Using Blender bridge from state file: 127.0.0.1:8765
[2026-01-12 03:12:59] Frigg MCP server stopped.
[2026-01-12 03:20:48] Frigg MCP server starting...
[2026-01-12 03:20:48] Python version: 3.11.0 (main, Oct 24 2022, 18:26:48) [MSC v.1933 64 bit (AMD64)]
[2026-01-12 03:20:48] Protocol version: 2024-11-05
[2026-01-12 03:20:48] Using Blender bridge from state file: 127.0.0.1:8766
[2026-01-12 03:20:48] Using Blender bridge from state file: 127.0.0.1:8766
[2026-01-12 03:20:57] Frigg MCP server starting...
[2026-01-12 03:20:57] Python version: 3.11.0 (main, Oct 24 2022, 18:26:48) [MSC v.1933 64 bit (AMD64)]
[2026-01-12 03:20:57] Protocol version: 2024-11-05
[2026-01-12 03:20:57] Using Blender bridge from state file: 127.0.0.1:8766
[2026-01-12 03:20:57] Frigg MCP server stopped.
[2026-01-12 06:20:47] Frigg MCP server starting...
[2026-01-12 06:20:47] Python version: 3.11.0 (main, Oct 24 2022, 18:26:48) [MSC v.1933 64 bit (AMD64)]
[2026-01-12 06:20:47] Protocol version: 2024-11-05
[2026-01-12 06:20:47] Ignoring unknown notification: notifications/initialized
[2026-01-12 16:40:09] Frigg MCP server starting...
[2026-01-12 16:40:09] Python version: 3.11.0 (main, Oct 24 2022, 18:26:48) [MSC v.1933 64 bit (AMD64)]
[2026-01-12 16:40:09] Protocol version: 2024-11-05
[2026-01-12 16:40:09] Ignoring unknown notification: notifications/initialized
[2026-01-12 16:57:36] Frigg MCP server starting...
[2026-01-12 16:57:36] Python version: 3.11.0 (main, Oct 24 2022, 18:26:48) [MSC v.1933 64 bit (AMD64)]
[2026-01-12 16:57:36] Protocol version: 2024-11-05
[2026-01-12 16:57:36] Ignoring unknown notification: notifications/initialized
[2026-01-12 17:13:53] Frigg MCP server starting...
[2026-01-12 17:13:53] Python version: 3.11.0 (main, Oct 24 2022, 18:26:48) [MSC v.1933 64 bit (AMD64)]
[2026-01-12 17:13:53] Protocol version: 2024-11-05
[2026-01-12 17:13:53] Ignoring unknown notification: notifications/initialized
[2026-01-12 17:13:57] Frigg MCP server starting...
[2026-01-12 17:13:57] Python version: 3.11.0 (main, Oct 24 2022, 18:26:48) [MSC v.1933 64 bit (AMD64)]
[2026-01-12 17:13:57] Protocol version: 2024-11-05
[2026-01-12 17:13:57] Ignoring unknown notification: notifications/initialized
[2026-01-12 17:14:00] Frigg MCP server starting...
[2026-01-12 17:14:00] Python version: 3.11.0 (main, Oct 24 2022, 18:26:48) [MSC v.1933 64 bit (AMD64)]
[2026-01-12 17:14:00] Protocol version: 2024-11-05
[2026-01-12 17:14:00] Ignoring unknown notification: notifications/initialized
[2026-01-12 17:14:06] Frigg MCP server starting...
[2026-01-12 17:14:06] Python version: 3.11.0 (main, Oct 24 2022, 18:26:48) [MSC v.1933 64 bit (AMD64)]
[2026-01-12 17:14:06] Protocol version: 2024-11-05
[2026-01-12 17:14:06] Ignoring unknown notification: notifications/initialized
[2026-01-12 17:28:07] Frigg MCP server starting...
[2026-01-12 17:28:07] Python version: 3.11.0 (main, Oct 24 2022, 18:26:48) [MSC v.1933 64 bit (AMD64)]
[2026-01-12 17:28:07] Protocol version: 2024-11-05
[2026-01-12 17:28:07] Ignoring unknown notification: notifications/initialized
[2026-01-12 17:38:19] Frigg MCP server starting...
[2026-01-12 17:38:20] Python version: 3.11.0 (main, Oct 24 2022, 18:26:48) [MSC v.1933 64 bit (AMD64)]
[2026-01-12 17:38:20] Protocol version: 2024-11-05
[2026-01-12 17:38:20] Ignoring unknown notification: notifications/initialized
[2026-01-12 18:00:39] Frigg MCP server starting...
[2026-01-12 18:00:39] Python version: 3.11.0 (main, Oct 24 2022, 18:26:48) [MSC v.1933 64 bit (AMD64)]
[2026-01-12 18:00:39] Protocol version: 2024-11-05
[2026-01-12 18:00:39] Ignoring unknown notification: notifications/initialized
